filepath: ""
namespace: jx
repositories:
- name: dev
  url: http://chartmuseum-jx.34.78.195.22.nip.io
releases:
- chart: dev/myapp
  version: 1.2.3
  name: myapp-1.2.3
- chart: dev/myapp
  version: 1.2.4
  name: myapp-1.2.4
templates: {}
renderedvalues: {}