dependencies:
- name: myapp
  repository: http://chartmuseum-jx.34.78.195.22.nip.io
  version: 1.2.4
